<?xml version="1.0" encoding="utf-8"?>
<example>
<para>Нешто <something>лепо и <para>дивно</para></something> ха!</para>
</example>
