<?xml version="1.0" encoding="utf-8"?>
<!DOCTYPE article PUBLIC "-//OASIS//DTD DocBook XML V4.1.2//EN" "http://www.oasis-open.org/docbook/xml/4.1.2/docbookx.dtd">
<article lang="footnotes">
  <sect1 id="intro">
	<title>Увод</title>

	<para>Ово је проба извлачења фуснота<footnote><para>Она кратка објашњења у дну стране</para></footnote>, пошто фусноте нису „финални“ (тј. директно извучени) елементи.</para>
	<para>Ово значи да ако има нешто занемарљивог садржаја унутар фусноте<footnote>
           <para>Сећаш се?</para>

          </footnote>, оне се и даље неће видети у излазу. Ово такође важи и за остале случајеве угњеждених тагова, али је првобитно пријављено за фусноте као грешка #172784.</para>
  </sect1>

</article>
