<?xml version="1.0" encoding="utf-8"?>
<!DOCTYPE article PUBLIC "-//OASIS//DTD DocBook XML V4.4//EN" "http://www.docbook.org/xml/4.4/docbookx.dtd" [
<!ENTITY % language "Serbian">
]>
<article lang="keepents">
<title>&language; је најбољши језик!</title>
</article>
